TRAIN_DONE
DONE steps=3000 attempts=4836 rate=0.620 skips={'low_margin': 723, 'no_correct': 1024, 'teacher_wrong': 89} out=outputs/sf_full_O2gateT_k4_m0.5_20260930_231108
{
  "updates": 3000,
  "attempts": 4836,
  "skips": {
    "low_margin": 723,
    "no_correct": 1024,
    "teacher_wrong": 89
  },
  "update_rate": 0.6203473945409429,
  "recipe": "o2gate_online_teacher",
  "clone_teacher": true
}ALL_EVAL_DONE
STATS {'updates': 3000, 'attempts': 4836, 'skips': {'low_margin': 723, 'no_correct': 1024, 'teacher_wrong': 89}, 'update_rate': 0.6203473945409429, 'recipe': 'o2gate_online_teacher', 'clone_teacher': True}
gates Counter({'pass': 3000, 'no_correct': 1024, 'low_margin': 723, 'teacher_wrong': 89})
mean_tlen 4.520333333333333 teacher_ok_rate 0.9711880867594691
n_upd 3000 teacher_wrong_skips 89
PILOT GEN 33.5 45.7
PILOT BON 32.81 40.23
GSMVALID GEN 32.6 45.4
STRUCT {'pass1': 0.33984375, 'coverage': 0.45703125, 'mean_after_len': 293.9736328125, 'starts_###': 0.7158203125}
vsA {'mean_pp': 0.0, 'ci95_pp': [-5.078125, 5.078125]}
vsGatePilot {'mean_pp': -1.171875, 'ci95_pp': [-5.859375, 3.515625]}
gateT-A bon -2.34 [-6.64, 1.95]
gateT-A cov -1.56 [-5.86, 2.35]
REF A 31.0/45.7 A+O2 35.2/41.8 | gatePilot 32.3/46.9 +O2 34.8/43.4 | selfcot 31.5/44.9 +O2 33.2/41.4
PLAN updated
