TRAIN_DONE
DONE steps=1500 sources={'teacher': 2756, 'beat_self': 9244} skips={'no_signal': 3749} out=outputs/p123_dualBeatB0t_20261001_205024
{
  "system_o2": {
    "acc": 0.35178165276724793,
    "cov": 0.5253980288097043,
    "leftover_rate": 0.17361637604245642,
    "o2_pick_fail_given_pool": 0.33044733044733043
  },
  "system_b0": {
    "acc": 0.34040940106141016,
    "cov": 0.5253980288097043,
    "leftover_rate": 0.18498862774829417,
    "o2_pick_fail_given_pool": 0.35209235209235207
  },
  "baseline_a_b0_acc": 0.3373768006065201,
  "gen_only": {
    "acc": 0.33203125,
    "cov": null
  },
  "pilot_o2": {
    "acc": 0.3671875,
    "cov": 0.43359375,
    "leftover_rate": 0.06640625,
    "o2_pick_fail_given_pool": 0.15315315315315314
  },
  "mids": {
    "system_acc_o2_pct": 35.18,
    "system_cov_pct": 52.54,
    "leftover_pp": 17.36,
    "pick_fail_given_pool_pct": 33.04,
    "health_acc_b0_pct": 34.04,
    "delta_vs_A_B0_pp": 1.44,
    "target_plus10_acc_pct": 43.74,
    "gap_to_plus10_pp": 8.56,
    "pilot_o2_acc_pct": 36.72,
    "transfer_gap_pp": 1.54,
    "gen_first_pct": 33.2,
    "gen_cov_pct": null
  },
  "train_mid_last": {
    "step": 1500,
    "n": 50,
    "pool_ok_rate": 0.9,
    "leftover_rate": 0.18,
    "o2_top_ok_rate": 0.72,
    "o2_b0_agree": 0.18,
    "hash3_rate": 0.7729166666666667,
    "cot_rate": 0.22708333333333333,
    "mean_unique": 4.4,
    "mean_alen": 13.72541666666667,
    "sources": {
      "teacher": 2756,
      "beat_self": 9244
    },
    "skips": {
      "no_signal": 3749
    }
  }
}
wrote results/full/p123/mids_dualBeatB0t_20261001_205024.json
PIPELINE_DONE
{
  "system_o2": {
    "acc": 0.35178165276724793,
    "cov": 0.5253980288097043,
    "leftover_rate": 0.17361637604245642,
    "o2_pick_fail_given_pool": 0.33044733044733043
  },
  "system_b0": {
    "acc": 0.34040940106141016,
    "cov": 0.5253980288097043,
    "leftover_rate": 0.18498862774829417,
    "o2_pick_fail_given_pool": 0.35209235209235207
  },
  "baseline_a_b0_acc": 0.3373768006065201,
  "gen_only": {
    "acc": 0.33203125,
    "cov": null
  },
  "pilot_o2": {
    "acc": 0.3671875,
    "cov": 0.43359375,
    "leftover_rate": 0.06640625,
    "o2_pick_fail_given_pool": 0.15315315315315314
  },
  "mids": {
    "system_acc_o2_pct": 35.18,
    "system_cov_pct": 52.54,
    "leftover_pp": 17.36,
    "pick_fail_given_pool_pct": 33.04,
    "health_acc_b0_pct": 34.04,
    "delta_vs_A_B0_pp": 1.44,
    "target_plus10_acc_pct": 43.74,
    "gap_to_plus10_pp": 8.56,
    "pilot_o2_acc_pct": 36.72,
    "transfer_gap_pp": 1.54,
    "gen_first_pct": 33.2,
    "gen_cov_pct": null
  },
  "train_mid_last": {
    "step": 1500,
    "n": 50,
    "pool_ok_rate": 0.9,
    "leftover_rate": 0.18,
    "o2_top_ok_rate": 0.72,
    "o2_b0_agree": 0.18,
    "hash3_rate": 0.7729166666666667,
    "cot_rate": 0.22708333333333333,
    "mean_unique": 4.4,
    "mean_alen": 13.72541666666667,
    "sources": {
      "teacher": 2756,
      "beat_self": 9244
    },
    "skips": {
      "no_signal": 3749
    }
  }
}