TRAIN_DONE
DONE steps=1500 sources={'beat_self': 11199, 'teacher': 801} skips={'no_signal': 2195} out=outputs/p123_dualBeatX2_20261002_112643
{
  "system_o2": {
    "acc": 0.35178165276724793,
    "cov": 0.5443517816527672,
    "leftover_rate": 0.19257012888551933,
    "o2_pick_fail_given_pool": 0.35376044568245124
  },
  "system_b0": {
    "acc": 0.3434420015163002,
    "cov": 0.5443517816527672,
    "leftover_rate": 0.20090978013646701,
    "o2_pick_fail_given_pool": 0.36908077994428967
  },
  "baseline_a_b0_acc": 0.3373768006065201,
  "gen_only": {
    "acc": 0.3515625,
    "cov": null
  },
  "pilot_o2": {
    "acc": 0.35546875,
    "cov": 0.42578125,
    "leftover_rate": 0.0703125,
    "o2_pick_fail_given_pool": 0.1651376146788991
  },
  "mids": {
    "system_acc_o2_pct": 35.18,
    "system_cov_pct": 54.44,
    "leftover_pp": 19.26,
    "pick_fail_given_pool_pct": 35.38,
    "health_acc_b0_pct": 34.34,
    "delta_vs_A_B0_pp": 1.44,
    "target_plus10_acc_pct": 43.74,
    "gap_to_plus10_pp": 8.56,
    "pilot_o2_acc_pct": 35.55,
    "transfer_gap_pp": 0.37,
    "gen_first_pct": 35.16,
    "gen_cov_pct": null
  },
  "train_mid_last": {
    "step": 1500,
    "n": 50,
    "pool_ok_rate": 0.98,
    "leftover_rate": 0.28,
    "o2_top_ok_rate": 0.7,
    "o2_b0_agree": 0.16,
    "hash3_rate": 0.8009375,
    "cot_rate": 0.1990625,
    "mean_unique": 5.12,
    "mean_alen": 11.32875,
    "sources": {
      "beat_self": 11199,
      "teacher": 801
    },
    "skips": {
      "no_signal": 2195
    }
  }
}
wrote results/full/p123/mids_dualBeatX2_20261002_112643.json
PIPELINE_DONE
{
  "system_o2": {
    "acc": 0.35178165276724793,
    "cov": 0.5443517816527672,
    "leftover_rate": 0.19257012888551933,
    "o2_pick_fail_given_pool": 0.35376044568245124
  },
  "system_b0": {
    "acc": 0.3434420015163002,
    "cov": 0.5443517816527672,
    "leftover_rate": 0.20090978013646701,
    "o2_pick_fail_given_pool": 0.36908077994428967
  },
  "baseline_a_b0_acc": 0.3373768006065201,
  "gen_only": {
    "acc": 0.3515625,
    "cov": null
  },
  "pilot_o2": {
    "acc": 0.35546875,
    "cov": 0.42578125,
    "leftover_rate": 0.0703125,
    "o2_pick_fail_given_pool": 0.1651376146788991
  },
  "mids": {
    "system_acc_o2_pct": 35.18,
    "system_cov_pct": 54.44,
    "leftover_pp": 19.26,
    "pick_fail_given_pool_pct": 35.38,
    "health_acc_b0_pct": 34.34,
    "delta_vs_A_B0_pp": 1.44,
    "target_plus10_acc_pct": 43.74,
    "gap_to_plus10_pp": 8.56,
    "pilot_o2_acc_pct": 35.55,
    "transfer_gap_pp": 0.37,
    "gen_first_pct": 35.16,
    "gen_cov_pct": null
  },
  "train_mid_last": {
    "step": 1500,
    "n": 50,
    "pool_ok_rate": 0.98,
    "leftover_rate": 0.28,
    "o2_top_ok_rate": 0.7,
    "o2_b0_agree": 0.16,
    "hash3_rate": 0.8009375,
    "cot_rate": 0.1990625,
    "mean_unique": 5.12,
    "mean_alen": 11.32875,
    "sources": {
      "beat_self": 11199,
      "teacher": 801
    },
    "skips": {
      "no_signal": 2195
    }
  }
}