TRAIN_DIED
    return self._call_impl(*args, **kwargs)
           ^^^^^^^^^^^^^^^^^^^^^^^^^^^^^^^^
  File "/home/lihourun/miniconda3/envs/latenttts/lib/python3.11/site-packages/torch/nn/modules/module.py", line 1784, in _call_impl
    return forward_call(*args, **kwargs)
           ^^^^^^^^^^^^^^^^^^^^^^^^^^^^^
  File "/home/lihourun/miniconda3/envs/latenttts/lib/python3.11/site-packages/transformers/models/gpt2/modeling_gpt2.py", line 939, in forward
    outputs = block(
              ^^^^^^
  File "/home/lihourun/miniconda3/envs/latenttts/lib/python3.11/site-packages/torch/nn/modules/module.py", line 1773, in _wrapped_call_impl
    return self._call_impl(*args, **kwargs)
           ^^^^^^^^^^^^^^^^^^^^^^^^^^^^^^^^
  File "/home/lihourun/miniconda3/envs/latenttts/lib/python3.11/site-packages/torch/nn/modules/module.py", line 1784, in _call_impl
    return forward_call(*args, **kwargs)
           ^^^^^^^^^^^^^^^^^^^^^^^^^^^^^
  File "/home/lihourun/miniconda3/envs/latenttts/lib/python3.11/site-packages/transformers/utils/deprecation.py", line 172, in wrapped_func
    return func(*args, **kwargs)
           ^^^^^^^^^^^^^^^^^^^^^
  File "/home/lihourun/miniconda3/envs/latenttts/lib/python3.11/site-packages/transformers/models/gpt2/modeling_gpt2.py", line 439, in forward
    feed_forward_hidden_states = self.mlp(hidden_states)
                                 ^^^^^^^^^^^^^^^^^^^^^^^
  File "/home/lihourun/miniconda3/envs/latenttts/lib/python3.11/site-packages/torch/nn/modules/module.py", line 1773, in _wrapped_call_impl
    return self._call_impl(*args, **kwargs)
           ^^^^^^^^^^^^^^^^^^^^^^^^^^^^^^^^
  File "/home/lihourun/miniconda3/envs/latenttts/lib/python3.11/site-packages/torch/nn/modules/module.py", line 1784, in _call_impl
    return forward_call(*args, **kwargs)
           ^^^^^^^^^^^^^^^^^^^^^^^^^^^^^
  File "/home/lihourun/miniconda3/envs/latenttts/lib/python3.11/site-packages/transformers/models/gpt2/modeling_gpt2.py", line 364, in forward
    hidden_states = self.c_fc(hidden_states)
                    ^^^^^^^^^^^^^^^^^^^^^^^^
  File "/home/lihourun/miniconda3/envs/latenttts/lib/python3.11/site-packages/torch/nn/modules/module.py", line 1773, in _wrapped_call_impl
    return self._call_impl(*args, **kwargs)
           ^^^^^^^^^^^^^^^^^^^^^^^^^^^^^^^^
  File "/home/lihourun/miniconda3/envs/latenttts/lib/python3.11/site-packages/torch/nn/modules/module.py", line 1784, in _call_impl
    return forward_call(*args, **kwargs)
           ^^^^^^^^^^^^^^^^^^^^^^^^^^^^^
  File "/home/lihourun/miniconda3/envs/latenttts/lib/python3.11/site-packages/transformers/pytorch_utils.py", line 118, in forward
    x = torch.addmm(self.bias, x.view(-1, x.size(-1)), self.weight)
        ^^^^^^^^^^^^^^^^^^^^^^^^^^^^^^^^^^^^^^^^^^^^^^^^^^^^^^^^^^^
torch.OutOfMemoryError: CUDA out of memory. Tried to allocate 22.00 MiB. GPU 0 has a total capacity of 95.07 GiB of which 17.88 MiB is free. Process 1871548 has 48.11 GiB memory in use. Including non-PyTorch memory, this process has 46.94 GiB memory in use. Of the allocated memory 46.36 GiB is allocated by PyTorch, and 82.68 MiB is reserved by PyTorch but unallocated. If reserved but unallocated memory is large try setting PYTORCH_CUDA_ALLOC_CONF=expandable_segments:True to avoid fragmentation.  See documentation for Memory Management  (https://pytorch.org/docs/stable/notes/cuda.html#environment-variables)
P123_k64_b0s0.5_sfC_ll1:   8%|▊         | 121/1500 [12:48<2:25:57,  6.35s/it, agree=11, ans=0.556, left=9, src=wvote_self]
