TRAIN_DONE
DONE steps=1500 sources={'wvote_self': 10484, 'beat_self': 1452, 'teacher': 64} skips={'no_signal': 1920} out=outputs/p123_fixseam_20261002_231000
{
  "system_o2": {
    "acc": 0.34950720242608035,
    "acc_top1": 0.3297952994692949,
    "acc_wvote": 0.34950720242608035,
    "cov": 0.5633055344958302,
    "claim_agg": "wvote",
    "leftover_rate": 0.2137983320697498,
    "o2_pick_fail_given_pool": 0.3795423956931359
  },
  "system_b0": {
    "acc": 0.33586050037907506,
    "acc_top1": 0.31766489764973466,
    "acc_wvote": 0.33586050037907506,
    "cov": 0.5633055344958302,
    "claim_agg": "wvote",
    "leftover_rate": 0.22744503411675512,
    "o2_pick_fail_given_pool": 0.4037685060565276
  },
  "baseline_a_b0_acc": 0.3373768006065201,
  "gen_only": {
    "acc": 0.34375,
    "cov": null
  },
  "pilot_o2": {
    "acc": 0.35546875,
    "acc_top1": 0.3359375,
    "acc_wvote": 0.35546875,
    "cov": 0.4609375,
    "claim_agg": "wvote",
    "leftover_rate": 0.10546875,
    "o2_pick_fail_given_pool": 0.2288135593220339
  },
  "mids": {
    "system_acc_o2_pct": 34.95,
    "system_acc_o2_top1_pct": 32.98,
    "system_acc_o2_wvote_pct": 34.95,
    "claim_agg": "wvote",
    "system_cov_pct": 56.33,
    "leftover_pp": 21.38,
    "pick_fail_given_pool_pct": 37.95,
    "health_acc_b0_pct": 31.77,
    "delta_vs_A_B0_pp": 1.21,
    "target_plus10_acc_pct": 43.74,
    "gap_to_plus10_pp": 8.79,
    "pilot_o2_acc_pct": 35.55,
    "transfer_gap_pp": 0.6,
    "gen_first_pct": 34.38,
    "gen_cov_pct": null
  },
  "train_mid_last": {
    "step": 1500,
    "n": 50,
    "pool_ok_rate": 0.92,
    "leftover_rate": 0.12,
    "o2_top_ok_rate": 0.8,
    "wvote_ok_rate": 0.8,
    "top_wv_disagree": 0.12,
    "o2_b0_agree": 0.12,
    "hash3_rate": 0.900625,
    "cot_rate": 0.099375,
    "mean_unique": 4.38,
    "mean_alen": 8.4121875,
    "sources": {
      "wvote_self": 10484,
      "beat_self": 1452,
      "teacher": 64
    },
    "skips": {
      "no_signal": 1920
    }
  }
}
wrote results/full/p123/mids_fixseam_20261002_231000.json
=== kill criteria vs dualBeat (wvote ≥+1pp; top ≥+0.5 secondary) ===
dualBeat_O2                n=1319 top=35.41 wvote=36.69 mvote=35.56 cov=53.37 meta_claim=35.41
fixseam_O2                 n=1319 top=32.98 wvote=34.95 mvote=35.86 cov=56.33 meta_claim=34.95
PIPELINE_DONE
{
  "system_o2": {
    "acc": 0.34950720242608035,
    "acc_top1": 0.3297952994692949,
    "acc_wvote": 0.34950720242608035,
    "cov": 0.5633055344958302,
    "claim_agg": "wvote",
    "leftover_rate": 0.2137983320697498,
    "o2_pick_fail_given_pool": 0.3795423956931359
  },
  "system_b0": {
    "acc": 0.33586050037907506,
    "acc_top1": 0.31766489764973466,
    "acc_wvote": 0.33586050037907506,
    "cov": 0.5633055344958302,
    "claim_agg": "wvote",
    "leftover_rate": 0.22744503411675512,
    "o2_pick_fail_given_pool": 0.4037685060565276
  },
  "baseline_a_b0_acc": 0.3373768006065201,
  "gen_only": {
    "acc": 0.34375,
    "cov": null
  },
  "pilot_o2": {
    "acc": 0.35546875,
    "acc_top1": 0.3359375,
    "acc_wvote": 0.35546875,
    "cov": 0.4609375,
    "claim_agg": "wvote",
    "leftover_rate": 0.10546875,
    "o2_pick_fail_given_pool": 0.2288135593220339
  },
  "mids": {
    "system_acc_o2_pct": 34.95,
    "system_acc_o2_top1_pct": 32.98,
    "system_acc_o2_wvote_pct": 34.95,
    "claim_agg": "wvote",
    "system_cov_pct": 56.33,
    "leftover_pp": 21.38,
    "pick_fail_given_pool_pct": 37.95,
    "health_acc_b0_pct": 31.77,
    "delta_vs_A_B0_pp": 1.21,
    "target_plus10_acc_pct": 43.74,
    "gap_to_plus10_pp": 8.79,
    "pilot_o2_acc_pct": 35.55,
    "transfer_gap_pp": 0.6,
    "gen_first_pct": 34.38,
    "gen_cov_pct": null
  },
  "train_mid_last": {
    "step": 1500,
    "n": 50,
    "pool_ok_rate": 0.92,
    "leftover_rate": 0.12,
    "o2_top_ok_rate": 0.8,
    "wvote_ok_rate": 0.8,
    "top_wv_disagree": 0.12,
    "o2_b0_agree": 0.12,
    "hash3_rate": 0.900625,
    "cot_rate": 0.099375,
    "mean_unique": 4.38,
    "mean_alen": 8.4121875,
    "sources": {
      "wvote_self": 10484,
      "beat_self": 1452,
      "teacher": 64
    },
    "skips": {
      "no_signal": 1920
    }
  }
}